C51 COMPILER V9.01   MAIN                                                                  11/21/2016 13:18:09 PAGE 1   


C51 COMPILER V9.01, COMPILATION OF MODULE MAIN
OBJECT MODULE PLACED IN main.OBJ
COMPILER INVOKED BY: E:\Keil\C51\BIN\C51.EXE main.c BROWSE DEBUG OBJECTEXTEND

line level    source

   1          #include "reg52.h"
   2          
   3          typedef unsigned char u8;
   4          typedef unsigned int u16;         //对数据类型进行声明定义
   5          
   6          sbit k1=P3^1;
   7          sbit LSA=P2^2;
   8          sbit LSB=P2^3;
   9          sbit LSC=P2^4;
  10          
  11          sbit a=P0^7;
  12          
  13          void delay (u16 i)
  14                    {
  15   1                   while(i--);
  16   1                       }
  17          
  18          
  19          void keydeal()
  20               {
  21   1                  if(k1==0)
  22   1                        {
  23   2                                delay(1000);
  24   2                                 if(k1==0)
  25   2                                    {
  26   3                                         LSA=0;
  27   3                                         LSB=0;
  28   3                                         LSC=0;
  29   3                                         a=~a;
  30   3                                        }
  31   2                                       
  32   2                        }  
  33   1                      while(!k1); 
  34   1               }
  35          
  36          void main ()
  37              {
  38   1                    while(1)
  39   1                {
  40   2                   keydeal();
  41   2              
  42   2                }
  43   1              }
  44                          


MODULE INFORMATION:   STATIC OVERLAYABLE
   CODE SIZE        =     41    ----
   CONSTANT SIZE    =   ----    ----
   XDATA SIZE       =   ----    ----
   PDATA SIZE       =   ----    ----
   DATA SIZE        =   ----    ----
   IDATA SIZE       =   ----    ----
   BIT SIZE         =   ----    ----
END OF MODULE INFORMATION.

C51 COMPILER V9.01   MAIN                                                                  11/21/2016 13:18:09 PAGE 2   


C51 COMPILATION COMPLETE.  0 WARNING(S),  0 ERROR(S)
